module CLinPhone [system] {
    
    module core {
        header "linphone/core.h"
        export *
    }
    
    module coreutils {
        header "linphone/core_utils.h"
        export *
    }
    
    module tunnel {
        header "linphone/tunnel.h"
        export *
    }
}

module CMediaStreamer2 [system] {
    
    module factory {
        header "mediastreamer2/msfactory.h"
        export *
    }
    
    module filter {
        header "mediastreamer2/msfilter.h"
        export *
    }
    
    module mediastream {
        header "mediastreamer2/mediastream.h"
        export *
    }
    
    module common {
        header "mediastreamer2/mscommon.h"
        export *
    }
    
    module eventqueue {
        header "mediastreamer2/mseventqueue.h"
        export *
    }
    
    module rfc3984 {
        header "mediastreamer2/rfc3984.h"
        export *
    }
}

module CBelledonneToolbox [system] {
    
    module crypto {
        header "bctoolbox/crypto.h"
        export *
    }
    
    module defs {
        header "bctoolbox/defs.h"
        export *
    }
    
    module list {
        header "bctoolbox/list.h"
        export *
    }
    
    module logging {
        header "bctoolbox/logging.h"
        export *
    }
    
    module map {
        header "bctoolbox/map.h"
        export *
    }
    
    module parser {
        header "bctoolbox/parser.h"
        export *
    }
    
    module port {
        header "bctoolbox/port.h"
        export *
    }
    
    module vconnect {
        header "bctoolbox/vconnect.h"
        export *
    }
    
    module vfs {
        header "bctoolbox/vfs.h"
        export *
    }
}

module CBelledonneSIP [system] {
    
    umbrella header "belle-sip/belle-sip.h"
    export *
}
