module CBelledonneToolbox [system] {
    
    module port {
        header "bctoolbox/port.h"
    }
    
    module crypto {
        header "bctoolbox/crypto.h"
    }
    
    module defs {
        header "bctoolbox/defs.h"
    }
    
    module list {
        header "bctoolbox/list.h"
    }
    
    module logging {
        header "bctoolbox/logging.h"
    }
    
    module map {
        header "bctoolbox/map.h"
    }
    
    module parser {
        header "bctoolbox/parser.h"
    }
    
    module vconnect {
        header "bctoolbox/vconnect.h"
    }
    
    module vfs {
        header "bctoolbox/vfs.h"
    }
}

module CBelledonneRTP [system] {
    
    header "ortp/ortp.h"
    
    module port {
        header "ortp/port.h"
        export *
    }
    
    module b64 {
        header "ortp/b64.h"
        export *
    }
    
    module event {
        header "ortp/event.h"
        export *
    }
    
    module logging {
        header "ortp/logging.h"
        export *
    }
    
    module payloadtype {
        header "ortp/payloadtype.h"
        export *
    }
    
    module rtcp {
        header "ortp/rtcp.h"
        export *
    }
    
    module rtp {
        header "ortp/rtp.h"
        export *
    }
    
    module rtpprofile {
        header "ortp/rtpprofile.h"
        export *
    }
    
    module rtpsession {
        header "ortp/rtpsession.h"
        export *
    }
    
    module rtpsignaltable {
        header "ortp/rtpsignaltable.h"
        export *
    }
    
    module sessionset {
        header "ortp/sessionset.h"
        export *
    }
    
    module stringutils {
        header "ortp/str_utils.h"
        export *
    }
    
    module telephonyevents {
        header "ortp/telephonyevents.h"
        export *
    }
    
    module utils {
        header "ortp/utils.h"
        export *
    }
}

module CBelledonneSIP [system] {
    
    umbrella header "belle-sip/belle-sip.h"
    
    module * { export * }
    export *
}

module CMediaStreamer2 [system] {
    
    module factory {
        header "mediastreamer2/msfactory.h"
    }
    
    module filter {
        header "mediastreamer2/msfilter.h"
    }
    
    module mediastream {
        header "mediastreamer2/mediastream.h"
    }
    
    module common {
        header "mediastreamer2/mscommon.h"
    }
    
    module eventqueue {
        header "mediastreamer2/mseventqueue.h"
    }
    
    module rfc3984 {
        header "mediastreamer2/rfc3984.h"
    }
    
    module queue {
        header "mediastreamer2/msqueue.h"
    }
}

module CLinPhone [system] {
    
    module core {
        header "linphone/core.h"
    }
    
    module coreutils {
        header "linphone/core_utils.h"
    }
    
    module tunnel {
        header "linphone/tunnel.h"
    }
    
    module factory {
        header "linphone/factory.h"
    }
}

